#-----------------------------------------------------------
# Vivado v2023.1 (64-bit)
# SW Build 3865809 on Sun May  7 15:05:29 MDT 2023
# IP Build 3864474 on Sun May  7 20:36:21 MDT 2023
# SharedData Build 3865790 on Sun May 07 13:33:03 MDT 2023
# Start of session at: Wed Jan 29 17:44:10 2025
# Process ID: 33896
# Current directory: C:/Users/ladyc/Desktop/ASDI/VIVADO-PROJECTS/Sistema_ROM_M_onBoard/Sistema_ROM_M_onBoard.runs/impl_1
# Command line: vivado.exe -log Sistema_ROM_M.vdi -applog -product Vivado -messageDb vivado.pb -mode batch -source Sistema_ROM_M.tcl -notrace
# Log file: C:/Users/ladyc/Desktop/ASDI/VIVADO-PROJECTS/Sistema_ROM_M_onBoard/Sistema_ROM_M_onBoard.runs/impl_1/Sistema_ROM_M.vdi
# Journal file: C:/Users/ladyc/Desktop/ASDI/VIVADO-PROJECTS/Sistema_ROM_M_onBoard/Sistema_ROM_M_onBoard.runs/impl_1\vivado.jou
# Running On: MadamImAdam, OS: Windows, CPU Frequency: 2995 MHz, CPU Physical cores: 16, Host memory: 33752 MB
#-----------------------------------------------------------
source Sistema_ROM_M.tcl -notrace
