#-----------------------------------------------------------
# Vivado v2023.1 (64-bit)
# SW Build 3865809 on Sun May  7 15:05:29 MDT 2023
# IP Build 3864474 on Sun May  7 20:36:21 MDT 2023
# SharedData Build 3865790 on Sun May 07 13:33:03 MDT 2023
# Start of session at: Wed Feb  5 10:01:20 2025
# Process ID: 31680
# Current directory: C:/Users/ladyc/Desktop/ASDI/Progetto_ASDI/Moltiplicatore_Booth_modificato
# Command line: vivado.exe -gui_launcher_event rodinguilauncherevent18820 C:\Users\ladyc\Desktop\ASDI\Progetto_ASDI\Moltiplicatore_Booth_modificato\Moltiplicatore_Booth.xpr
# Log file: C:/Users/ladyc/Desktop/ASDI/Progetto_ASDI/Moltiplicatore_Booth_modificato/vivado.log
# Journal file: C:/Users/ladyc/Desktop/ASDI/Progetto_ASDI/Moltiplicatore_Booth_modificato\vivado.jou
# Running On: MadamImAdam, OS: Windows, CPU Frequency: 2995 MHz, CPU Physical cores: 16, Host memory: 33752 MB
#-----------------------------------------------------------
start_gui
open_project C:/Users/ladyc/Desktop/ASDI/Progetto_ASDI/Moltiplicatore_Booth_modificato/Moltiplicatore_Booth.xpr
update_compile_order -fileset sources_1
launch_simulation
source tb_molt_booth.tcl
close_sim
launch_simulation
source tb_molt_booth.tcl
close_sim
launch_simulation
source tb_molt_booth.tcl
close_sim
launch_simulation
source tb_molt_booth.tcl
close_sim
launch_simulation
source tb_molt_booth.tcl
close_sim
launch_simulation
source tb_molt_booth.tcl
close_sim
launch_simulation
source tb_molt_booth.tcl
close_sim
launch_simulation
source tb_molt_booth.tcl
close_sim
launch_simulation
source tb_molt_booth.tcl
open_project C:/Users/ladyc/Desktop/ASDI/VIVADO-PROJECTS/13_ROBERTSON_SIM/13_ROBERTSON_SIM/13_ROBERTSON_SIM.xpr
update_compile_order -fileset sources_1
close_project
close_sim
launch_simulation
launch_simulation
source tb_molt_booth.tcl
close_sim
launch_simulation
source tb_molt_booth.tcl
close_sim
launch_simulation
source tb_molt_booth.tcl
close_sim
launch_simulation
source tb_molt_booth.tcl
close_sim
launch_simulation
source tb_molt_booth.tcl
close_sim
launch_simulation
source tb_molt_booth.tcl
close_sim
launch_simulation
launch_simulation
source tb_molt_booth.tcl
close_sim
launch_simulation
source tb_molt_booth.tcl
close_sim
launch_simulation
source tb_molt_booth.tcl
close_sim
launch_simulation
source tb_molt_booth.tcl
close_sim
launch_simulation
source tb_molt_booth.tcl
close_sim
launch_simulation
launch_simulation
launch_simulation
source tb_molt_booth.tcl
close_sim
launch_simulation
source tb_molt_booth.tcl
close_sim
launch_simulation
source tb_molt_booth.tcl
close_sim
launch_simulation
source tb_molt_booth.tcl
close_sim
launch_simulation
source tb_molt_booth.tcl
close_sim
launch_simulation
source tb_molt_booth.tcl
close_sim
launch_simulation
source tb_molt_booth.tcl
close_sim
launch_simulation
source tb_molt_booth.tcl
close_sim
launch_simulation
source tb_molt_booth.tcl
close_sim
launch_simulation
launch_simulation
source tb_molt_booth.tcl
close_sim
launch_simulation
launch_simulation
source tb_molt_booth.tcl
close_sim
launch_simulation
source tb_molt_booth.tcl
close_sim
launch_simulation
source tb_molt_booth.tcl
close_sim
launch_simulation
source tb_molt_booth.tcl
close_sim
launch_simulation
source tb_molt_booth.tcl
close_sim
launch_simulation
source tb_molt_booth.tcl
save_wave_config {C:/Users/ladyc/Desktop/ASDI/Progetto_ASDI/Moltiplicatore_Booth_modificato/tb_molt_booth_behav.wcfg}
add_files -fileset sim_1 -norecurse C:/Users/ladyc/Desktop/ASDI/Progetto_ASDI/Moltiplicatore_Booth_modificato/tb_molt_booth_behav.wcfg
set_property xsim.view C:/Users/ladyc/Desktop/ASDI/Progetto_ASDI/Moltiplicatore_Booth_modificato/tb_molt_booth_behav.wcfg [get_filesets sim_1]
close_sim
set_property -name {xsim.simulate.runtime} -value {100ns} -objects [get_filesets sim_1]
set_property -name {xsim.simulate.runtime} -value {10000ns} -objects [get_filesets sim_1]
launch_simulation
open_wave_config C:/Users/ladyc/Desktop/ASDI/Progetto_ASDI/Moltiplicatore_Booth_modificato/tb_molt_booth_behav.wcfg
source tb_molt_booth.tcl
close_sim
launch_simulation
open_wave_config C:/Users/ladyc/Desktop/ASDI/Progetto_ASDI/Moltiplicatore_Booth_modificato/tb_molt_booth_behav.wcfg
source tb_molt_booth.tcl
close_sim
launch_simulation
open_wave_config C:/Users/ladyc/Desktop/ASDI/Progetto_ASDI/Moltiplicatore_Booth_modificato/tb_molt_booth_behav.wcfg
source tb_molt_booth.tcl
close_sim
launch_simulation
open_wave_config C:/Users/ladyc/Desktop/ASDI/Progetto_ASDI/Moltiplicatore_Booth_modificato/tb_molt_booth_behav.wcfg
source tb_molt_booth.tcl
update_compile_order -fileset sim_1
# Disabling source management mode.  This is to allow the top design properties to be set without GUI intervention.
set_property source_mgmt_mode None [current_project]
set_property top molt_booth [get_filesets sim_1]
set_property top_lib xil_defaultlib [get_filesets sim_1]
# Re-enabling previously disabled source management mode.
set_property source_mgmt_mode All [current_project]
launch_simulation
close_sim
launch_simulation
open_wave_config C:/Users/ladyc/Desktop/ASDI/Progetto_ASDI/Moltiplicatore_Booth_modificato/tb_molt_booth_behav.wcfg
source molt_booth.tcl
close_sim
launch_simulation
open_wave_config C:/Users/ladyc/Desktop/ASDI/Progetto_ASDI/Moltiplicatore_Booth_modificato/tb_molt_booth_behav.wcfg
source molt_booth.tcl
close_sim
launch_simulation
open_wave_config C:/Users/ladyc/Desktop/ASDI/Progetto_ASDI/Moltiplicatore_Booth_modificato/tb_molt_booth_behav.wcfg
source molt_booth.tcl
close_sim
launch_simulation
open_wave_config C:/Users/ladyc/Desktop/ASDI/Progetto_ASDI/Moltiplicatore_Booth_modificato/tb_molt_booth_behav.wcfg
source molt_booth.tcl
close_sim
launch_simulation
open_wave_config C:/Users/ladyc/Desktop/ASDI/Progetto_ASDI/Moltiplicatore_Booth_modificato/tb_molt_booth_behav.wcfg
source molt_booth.tcl
close_sim
launch_simulation
open_wave_config C:/Users/ladyc/Desktop/ASDI/Progetto_ASDI/Moltiplicatore_Booth_modificato/tb_molt_booth_behav.wcfg
source molt_booth.tcl
close_sim
launch_simulation
open_wave_config C:/Users/ladyc/Desktop/ASDI/Progetto_ASDI/Moltiplicatore_Booth_modificato/tb_molt_booth_behav.wcfg
source molt_booth.tcl
close_sim
launch_simulation
open_wave_config C:/Users/ladyc/Desktop/ASDI/Progetto_ASDI/Moltiplicatore_Booth_modificato/tb_molt_booth_behav.wcfg
source molt_booth.tcl
close_sim
