#-----------------------------------------------------------
# Vivado v2023.1 (64-bit)
# SW Build 3865809 on Sun May  7 15:05:29 MDT 2023
# IP Build 3864474 on Sun May  7 20:36:21 MDT 2023
# SharedData Build 3865790 on Sun May 07 13:33:03 MDT 2023
# Start of session at: Thu Feb  6 18:12:29 2025
# Process ID: 26020
# Current directory: C:/Users/ladyc/Desktop/ASDI/9_Handshaking
# Command line: vivado.exe -gui_launcher_event rodinguilauncherevent32880 C:\Users\ladyc\Desktop\ASDI\9_Handshaking\9_Handshaking.xpr
# Log file: C:/Users/ladyc/Desktop/ASDI/9_Handshaking/vivado.log
# Journal file: C:/Users/ladyc/Desktop/ASDI/9_Handshaking\vivado.jou
# Running On: MadamImAdam, OS: Windows, CPU Frequency: 2995 MHz, CPU Physical cores: 16, Host memory: 33752 MB
#-----------------------------------------------------------
start_gui
open_project C:/Users/ladyc/Desktop/ASDI/9_Handshaking/9_Handshaking.xpr
update_compile_order -fileset sources_1
archive_project C:/Users/ladyc/Desktop/ASDI/9_Handshaking.xpr.zip -temp_dir C:/Users/ladyc/Desktop/ASDI/9_Handshaking/.Xil/Vivado-26020-MadamImAdam -force -include_local_ip_cache
close [ open C:/Users/ladyc/Desktop/ASDI/9_Handshaking/9_Handshaking.srcs/sources_1/new/cu_A.vhd w ]
add_files C:/Users/ladyc/Desktop/ASDI/9_Handshaking/9_Handshaking.srcs/sources_1/new/cu_A.vhd
close [ open C:/Users/ladyc/Desktop/ASDI/9_Handshaking/9_Handshaking.srcs/sources_1/new/cu_B.vhd w ]
add_files C:/Users/ladyc/Desktop/ASDI/9_Handshaking/9_Handshaking.srcs/sources_1/new/cu_B.vhd
update_compile_order -fileset sources_1
# Disabling source management mode.  This is to allow the top design properties to be set without GUI intervention.
set_property source_mgmt_mode None [current_project]
set_property top Nodo_B [current_fileset]
# Re-enabling previously disabled source management mode.
set_property source_mgmt_mode All [current_project]
update_compile_order -fileset sources_1
file mkdir C:/Users/ladyc/Desktop/ASDI/9_Handshaking/9_Handshaking.srcs/sim_1/new
set_property SOURCE_SET sources_1 [get_filesets sim_1]
close [ open C:/Users/ladyc/Desktop/ASDI/9_Handshaking/9_Handshaking.srcs/sim_1/new/tb_nodo_B.vhd w ]
add_files -fileset sim_1 C:/Users/ladyc/Desktop/ASDI/9_Handshaking/9_Handshaking.srcs/sim_1/new/tb_nodo_B.vhd
update_compile_order -fileset sim_1
update_compile_order -fileset sources_1
# Disabling source management mode.  This is to allow the top design properties to be set without GUI intervention.
set_property source_mgmt_mode None [current_project]
set_property top Nodo_B_tb [get_filesets sim_1]
set_property top_lib xil_defaultlib [get_filesets sim_1]
# Re-enabling previously disabled source management mode.
set_property source_mgmt_mode All [current_project]
update_compile_order -fileset sim_1
launch_simulation
launch_simulation
launch_simulation
launch_simulation
source Nodo_B_tb.tcl
close_sim
launch_simulation
source Nodo_B_tb.tcl
close_sim
launch_simulation
source Nodo_B_tb.tcl
set_property SOURCE_SET sources_1 [get_filesets sim_1]
close [ open C:/Users/ladyc/Desktop/ASDI/9_Handshaking/9_Handshaking.srcs/sim_1/new/Handshaking_tb.vhd w ]
add_files -fileset sim_1 C:/Users/ladyc/Desktop/ASDI/9_Handshaking/9_Handshaking.srcs/sim_1/new/Handshaking_tb.vhd
update_compile_order -fileset sim_1
# Disabling source management mode.  This is to allow the top design properties to be set without GUI intervention.
set_property source_mgmt_mode None [current_project]
set_property top Handshaking [current_fileset]
# Re-enabling previously disabled source management mode.
set_property source_mgmt_mode All [current_project]
# Disabling source management mode.  This is to allow the top design properties to be set without GUI intervention.
set_property source_mgmt_mode None [current_project]
set_property top Handshaking_tb [get_filesets sim_1]
set_property top_lib xil_defaultlib [get_filesets sim_1]
# Re-enabling previously disabled source management mode.
set_property source_mgmt_mode All [current_project]
update_compile_order -fileset sources_1
update_compile_order -fileset sim_1
launch_simulation
close_sim
launch_simulation
source Handshaking_tb.tcl
close_sim
launch_simulation
source Handshaking_tb.tcl
archive_project C:/Users/ladyc/Desktop/ASDI/9_Handshaking.xpr.zip -temp_dir C:/Users/ladyc/Desktop/ASDI/9_Handshaking/.Xil/Vivado-26020-MadamImAdam -force -include_local_ip_cache
