#-----------------------------------------------------------
# Vivado v2023.1 (64-bit)
# SW Build 3865809 on Sun May  7 15:05:29 MDT 2023
# IP Build 3864474 on Sun May  7 20:36:21 MDT 2023
# SharedData Build 3865790 on Sun May 07 13:33:03 MDT 2023
# Start of session at: Wed Feb  5 18:09:13 2025
# Process ID: 30408
# Current directory: C:/Users/ladyc/Desktop/ASDI/Progetto_ASDI/7_Moltiplicatore_Booth
# Command line: vivado.exe -gui_launcher_event rodinguilauncherevent28316 C:\Users\ladyc\Desktop\ASDI\Progetto_ASDI\7_Moltiplicatore_Booth\Moltiplicatore_Booth.xpr
# Log file: C:/Users/ladyc/Desktop/ASDI/Progetto_ASDI/7_Moltiplicatore_Booth/vivado.log
# Journal file: C:/Users/ladyc/Desktop/ASDI/Progetto_ASDI/7_Moltiplicatore_Booth\vivado.jou
# Running On: MadamImAdam, OS: Windows, CPU Frequency: 2995 MHz, CPU Physical cores: 16, Host memory: 33752 MB
#-----------------------------------------------------------
start_gui
open_project C:/Users/ladyc/Desktop/ASDI/Progetto_ASDI/7_Moltiplicatore_Booth/Moltiplicatore_Booth.xpr
update_compile_order -fileset sources_1
archive_project C:/Users/ladyc/Desktop/Moltiplicatore_Booth.xpr.zip -temp_dir C:/Users/ladyc/Desktop/ASDI/Progetto_ASDI/7_Moltiplicatore_Booth/.Xil/Vivado-30408-MadamImAdam -force -include_local_ip_cache
